Key {
d: 0x6b3ef934844bb3993903038ff72f4f51d18ce1c9af70179f54d78d1e93dc6fd1
Q: 0x046743db7bd1e8a4432e52b2875a63078f8f80b5c81a6fb1a6986785d3beda58e6c9b610420b9fd12eaa30e5bcb7b3876faac9e6670576da9816bce9485b95ad8
}