Signature {
r: 0x6743db7bd1e8a4432e52b2875a63078f8f80b5c81a6fb1a6986785d3beda58e6
s: 0xdb445d39916a0ac96767f4d903a0fa952ca371b2fa4605a0fd11a9e7bd0d2654
}